66.249.64.145 - - [25/Sep/2018:20:31:51 +0200] "GET /src/lib/prism.css HTTP/1.0" 200 397 "https://azinac.de/" "Mozilla/5.0 (Linux; Android 6.0.1; Nexus 5X Build/MMB29P) AppleWebKit/537.36 (KHTML, like Gecko) Chrome/41.0.2272.96 Mobile Safari/537.36 (compatible; Googlebot/2.1; +http://www.google.com/bot.html)"
80.187.80.222 - - [25/Sep/2018:21:31:08 +0200] "GET /index.html HTTP/1.0" 200 4152 "-" "Mozilla/5.0 (iPhone; CPU iPhone OS 12_0 like Mac OS X) AppleWebKit/605.1.15 (KHTML, like Gecko) Version/12.0 Mobile/15E148 Safari/604.1"
80.187.80.222 - - [25/Sep/2018:21:31:09 +0200] "GET /apple-touch-icon-120x120-precomposed.png HTTP/1.0" 404 1247 "-" "MobileSafari/604.1 CFNetwork/974.2.1 Darwin/18.0.0"
80.187.80.222 - - [25/Sep/2018:21:31:09 +0200] "GET /apple-touch-icon-120x120.png HTTP/1.0" 404 1247 "-" "MobileSafari/604.1 CFNetwork/974.2.1 Darwin/18.0.0"
80.187.80.222 - - [25/Sep/2018:21:31:09 +0200] "GET /apple-touch-icon-precomposed.png HTTP/1.0" 404 1247 "-" "MobileSafari/604.1 CFNetwork/974.2.1 Darwin/18.0.0"
80.187.80.222 - - [25/Sep/2018:21:31:09 +0200] "GET /apple-touch-icon.png HTTP/1.0" 404 1247 "-" "MobileSafari/604.1 CFNetwork/974.2.1 Darwin/18.0.0"
80.187.80.222 - - [25/Sep/2018:21:31:09 +0200] "GET /favicon.ico HTTP/1.0" 200 407 "-" "MobileSafari/604.1 CFNetwork/974.2.1 Darwin/18.0.0"
80.187.80.222 - - [25/Sep/2018:21:31:09 +0200] "GET /apple-touch-icon-120x120-precomposed.png HTTP/1.0" 404 1247 "-" "MobileSafari/604.1 CFNetwork/974.2.1 Darwin/18.0.0"
80.187.80.222 - - [25/Sep/2018:21:31:09 +0200] "GET /apple-touch-icon-120x120.png HTTP/1.0" 404 1247 "-" "MobileSafari/604.1 CFNetwork/974.2.1 Darwin/18.0.0"
80.187.80.222 - - [25/Sep/2018:21:31:09 +0200] "GET /apple-touch-icon-precomposed.png HTTP/1.0" 404 1247 "-" "MobileSafari/604.1 CFNetwork/974.2.1 Darwin/18.0.0"
80.187.80.222 - - [25/Sep/2018:21:31:09 +0200] "GET /apple-touch-icon.png HTTP/1.0" 404 1247 "-" "MobileSafari/604.1 CFNetwork/974.2.1 Darwin/18.0.0"
80.187.80.222 - - [25/Sep/2018:21:31:10 +0200] "GET /favicon.ico HTTP/1.0" 200 407 "-" "MobileSafari/604.1 CFNetwork/974.2.1 Darwin/18.0.0"
66.249.79.239 - - [25/Sep/2018:01:16:15 +0200] "GET /robots.txt HTTP/1.1" 301 178 "-" "Mozilla/5.0 (compatible; Googlebot/2.1; +http://www.google.com/bot.html)"
66.249.79.241 - - [25/Sep/2018:01:16:16 +0200] "GET / HTTP/1.1" 301 178 "-" "Mozilla/5.0 (Linux; Android 6.0.1; Nexus 5X Build/MMB29P) AppleWebKit/537.36 (KHTML, like Gecko) Chrome/41.0.2272.96 Mobile Safari/537.36 (compatible; Googlebot/2.1; +http://www.google.com/bot.html)"
66.249.93.83 - - [25/Sep/2018:07:30:45 +0200] "GET /favicon.ico HTTP/1.1" 200 4127 "-" "Mozilla/5.0 (X11; Linux x86_64) AppleWebKit/537.36 (KHTML, like Gecko) Chrome/49.0.2623.75 Safari/537.36 Google Favicon"
80.187.98.242 - - [25/Sep/2018:09:43:44 +0200] "GET /src/lib/prism.css HTTP/2.0" 200 5559 "https://azinac.de/" "Mozilla/5.0 (Windows NT 10.0; Win64; x64) AppleWebKit/537.36 (KHTML, like Gecko) Chrome/69.0.3497.100 Safari/537.36"
80.187.98.242 - - [25/Sep/2018:09:43:46 +0200] "GET /src/lib/prism.js HTTP/2.0" 200 36009 "https://azinac.de/" "Mozilla/5.0 (Windows NT 10.0; Win64; x64) AppleWebKit/537.36 (KHTML, like Gecko) Chrome/69.0.3497.100 Safari/537.36"
80.187.98.242 - - [25/Sep/2018:09:43:46 +0200] "GET /scripts/vendor-bundle.js HTTP/2.0" 200 676222 "https://azinac.de/" "Mozilla/5.0 (Windows NT 10.0; Win64; x64) AppleWebKit/537.36 (KHTML, like Gecko) Chrome/69.0.3497.100 Safari/537.36"
80.187.98.242 - - [25/Sep/2018:09:43:46 +0200] "GET /favicon.ico HTTP/2.0" 200 4127 "https://azinac.de/" "Mozilla/5.0 (Windows NT 10.0; Win64; x64) AppleWebKit/537.36 (KHTML, like Gecko) Chrome/69.0.3497.100 Safari/537.36"
80.187.98.242 - - [25/Sep/2018:09:43:47 +0200] "GET /scripts/app-bundle.js HTTP/2.0" 200 596878 "https://azinac.de/" "Mozilla/5.0 (Windows NT 10.0; Win64; x64) AppleWebKit/537.36 (KHTML, like Gecko) Chrome/69.0.3497.100 Safari/537.36"
80.187.98.242 - - [25/Sep/2018:09:43:50 +0200] "GET /src/media/chromeExt-welt+_decrypt.png HTTP/2.0" 200 512454 "https://azinac.de/" "Mozilla/5.0 (Windows NT 10.0; Win64; x64) AppleWebKit/537.36 (KHTML, like Gecko) Chrome/69.0.3497.100 Safari/537.36"
80.187.98.242 - - [25/Sep/2018:09:43:50 +0200] "GET /src/media/chromeExt-welt+_encrypt.png HTTP/2.0" 200 520891 "https://azinac.de/" "Mozilla/5.0 (Windows NT 10.0; Win64; x64) AppleWebKit/537.36 (KHTML, like Gecko) Chrome/69.0.3497.100 Safari/537.36"
80.187.98.242 - - [25/Sep/2018:10:15:42 +0200] "GET /src/media/chromeExt-tagesschau.png HTTP/2.0" 200 1373501 "https://azinac.de/" "Mozilla/5.0 (Windows NT 10.0; Win64; x64) AppleWebKit/537.36 (KHTML, like Gecko) Chrome/69.0.3497.100 Safari/537.36"
80.155.138.194 - - [25/Sep/2018:10:29:43 +0200] "GET /src/lib/prism.css HTTP/1.1" 304 0 "https://azinac.de/" "Mozilla/5.0 (Windows NT 10.0; Win64; x64) AppleWebKit/537.36 (KHTML, like Gecko) Chrome/69.0.3497.81 Safari/537.36"
80.155.138.194 - - [25/Sep/2018:10:29:43 +0200] "GET /scripts/vendor-bundle.js HTTP/1.1" 304 0 "https://azinac.de/" "Mozilla/5.0 (Windows NT 10.0; Win64; x64) AppleWebKit/537.36 (KHTML, like Gecko) Chrome/69.0.3497.81 Safari/537.36"
80.155.138.194 - - [25/Sep/2018:10:29:43 +0200] "GET /src/lib/prism.js HTTP/1.1" 304 0 "https://azinac.de/" "Mozilla/5.0 (Windows NT 10.0; Win64; x64) AppleWebKit/537.36 (KHTML, like Gecko) Chrome/69.0.3497.81 Safari/537.36"
80.155.138.194 - - [25/Sep/2018:10:29:44 +0200] "GET /scripts/app-bundle.js HTTP/1.1" 304 0 "https://azinac.de/" "Mozilla/5.0 (Windows NT 10.0; Win64; x64) AppleWebKit/537.36 (KHTML, like Gecko) Chrome/69.0.3497.81 Safari/537.36"
66.249.65.90 - - [25/Sep/2018:11:19:25 +0200] "GET / HTTP/1.1" 301 178 "-" "Mozilla/5.0 (Linux; Android 6.0.1; Nexus 5X Build/MMB29P) AppleWebKit/537.36 (KHTML, like Gecko) Chrome/41.0.2272.96 Mobile Safari/537.36 (compatible; Googlebot/2.1; +http://www.google.com/bot.html)"
80.155.138.194 - - [25/Sep/2018:12:28:51 +0200] "GET /scripts/vendor-bundle.js HTTP/1.1" 304 0 "https://azinac.de/" "Mozilla/5.0 (Windows NT 10.0; Win64; x64) AppleWebKit/537.36 (KHTML, like Gecko) Chrome/69.0.3497.100 Safari/537.36"
80.155.138.194 - - [25/Sep/2018:12:28:55 +0200] "GET /scripts/app-bundle.js HTTP/1.1" 304 0 "https://azinac.de/" "Mozilla/5.0 (Windows NT 10.0; Win64; x64) AppleWebKit/537.36 (KHTML, like Gecko) Chrome/69.0.3497.100 Safari/537.36"
209.10.98.151 - - [25/Sep/2018:14:16:57 +0200] "GET /phpmyadmin/ HTTP/1.1" 404 162 "-" "Mozilla/5.0 (Windows NT 10.0; Win64; x64; rv:57.0) Gecko/20100101 Firefox/57.0"
80.187.80.119 - - [25/Sep/2018:16:21:59 +0200] "GET /favicon.ico HTTP/2.0" 200 4127 "-" "MobileSafari/604.1 CFNetwork/974.2.1 Darwin/18.0.0"
80.187.80.119 - - [25/Sep/2018:16:22:00 +0200] "GET /favicon.ico HTTP/2.0" 200 4127 "-" "MobileSafari/604.1 CFNetwork/974.2.1 Darwin/18.0.0"
80.187.80.222 - - [25/Sep/2018:16:26:38 +0200] "GET /favicon.ico HTTP/2.0" 200 4127 "-" "MobileSafari/604.1 CFNetwork/974.2.1 Darwin/18.0.0"
80.187.80.222 - - [25/Sep/2018:16:26:39 +0200] "GET /favicon.ico HTTP/2.0" 200 4127 "-" "MobileSafari/604.1 CFNetwork/974.2.1 Darwin/18.0.0"
188.192.95.229 - - [25/Sep/2018:18:21:05 +0200] "GET /scripts/vendor-bundle.js HTTP/2.0" 304 0 "https://azinac.de/" "Mozilla/5.0 (Macintosh; Intel Mac OS X 10_14_0) AppleWebKit/537.36 (KHTML, like Gecko) Chrome/69.0.3497.100 Safari/537.36"
188.192.95.229 - - [25/Sep/2018:18:21:09 +0200] "GET /scripts/app-bundle.js HTTP/2.0" 304 0 "https://azinac.de/" "Mozilla/5.0 (Macintosh; Intel Mac OS X 10_14_0) AppleWebKit/537.36 (KHTML, like Gecko) Chrome/69.0.3497.100 Safari/537.36"
66.249.64.144 - - [25/Sep/2018:20:31:45 +0200] "GET /robots.txt HTTP/1.1" 301 178 "-" "Mozilla/5.0 (compatible; Googlebot/2.1; +http://www.google.com/bot.html)"
66.249.64.146 - - [25/Sep/2018:20:31:46 +0200] "GET / HTTP/1.1" 301 178 "-" "Mozilla/5.0 (Linux; Android 6.0.1; Nexus 5X Build/MMB29P) AppleWebKit/537.36 (KHTML, like Gecko) Chrome/41.0.2272.96 Mobile Safari/537.36 (compatible; Googlebot/2.1; +http://www.google.com/bot.html)"
66.249.64.145 - - [25/Sep/2018:20:31:51 +0200] "GET /src/lib/prism.css HTTP/1.1" 200 5559 "https://azinac.de/" "Mozilla/5.0 (Linux; Android 6.0.1; Nexus 5X Build/MMB29P) AppleWebKit/537.36 (KHTML, like Gecko) Chrome/41.0.2272.96 Mobile Safari/537.36 (compatible; Googlebot/2.1; +http://www.google.com/bot.html)"
80.187.80.222 - - [25/Sep/2018:21:31:09 +0200] "GET /favicon.ico HTTP/2.0" 200 4127 "-" "MobileSafari/604.1 CFNetwork/974.2.1 Darwin/18.0.0"
80.187.80.222 - - [25/Sep/2018:21:31:10 +0200] "GET /favicon.ico HTTP/2.0" 200 4127 "-" "MobileSafari/604.1 CFNetwork/974.2.1 Darwin/18.0.0"
200.85.152.70 - - [25/Sep/2018:23:01:11 +0200] "GET //wp-login.php HTTP/1.1" 404 27 "-" "Mozilla/5.0 (X11; U; Linux i686; pt-BR; rv:1.9.0.15) Gecko/2009102815 Ubuntu/9.04 (jaunty) Firefox/3.0.15"
200.85.152.70 - - [25/Sep/2018:23:01:13 +0200] "GET /blog//wp-login.php HTTP/1.1" 404 27 "-" "Mozilla/5.0 (X11; U; Linux i686; pt-BR; rv:1.9.0.15) Gecko/2009102815 Ubuntu/9.04 (jaunty) Firefox/3.0.15"
200.85.152.70 - - [25/Sep/2018:23:01:14 +0200] "GET /wordpress//wp-login.php HTTP/1.1" 404 27 "-" "Mozilla/5.0 (X11; U; Linux i686; pt-BR; rv:1.9.0.15) Gecko/2009102815 Ubuntu/9.04 (jaunty) Firefox/3.0.15"
200.85.152.70 - - [25/Sep/2018:23:01:16 +0200] "GET /wp//wp-login.php HTTP/1.1" 404 27 "-" "Mozilla/5.0 (X11; U; Linux i686; pt-BR; rv:1.9.0.15) Gecko/2009102815 Ubuntu/9.04 (jaunty) Firefox/3.0.15"
52.53.201.78 - - [26/Sep/2018:01:08:10 +0200] "GET /index.html HTTP/1.0" 200 4152 "http://www.azinac.de/" "Mozilla/5.0 (Macintosh; Intel Mac OS X 10_12_6) AppleWebKit/537.36 (KHTML, like Gecko) Chrome/61.0.3163.100 Safari/537.36"
66.249.64.143 - - [26/Sep/2018:05:16:07 +0200] "GET /index.html HTTP/1.0" 200 4152 "-" "Mozilla/5.0 (Linux; Android 6.0.1; Nexus 5X Build/MMB29P) AppleWebKit/537.36 (KHTML, like Gecko) Chrome/41.0.2272.96 Mobile Safari/537.36 (compatible; Googlebot/2.1; +http://www.google.com/bot.html)"
66.249.64.145 - - [26/Sep/2018:06:51:45 +0200] "GET /index.html HTTP/1.0" 200 4152 "-" "Mozilla/5.0 (Linux; Android 6.0.1; Nexus 5X Build/MMB29P) AppleWebKit/537.36 (KHTML, like Gecko) Chrome/41.0.2272.96 Mobile Safari/537.36 (compatible; Googlebot/2.1; +http://www.google.com/bot.html)"
80.155.138.194 - - [26/Sep/2018:07:34:28 +0200] "GET /src/lib/prism.css HTTP/1.0" 200 3674 "https://azinac.de/" "Mozilla/5.0 (Windows NT 10.0; Win64; x64) AppleWebKit/537.36 (KHTML, like Gecko) Chrome/69.0.3497.100 Safari/537.36"
80.155.138.194 - - [26/Sep/2018:07:34:28 +0200] "GET /scripts/vendor-bundle.js HTTP/1.0" 200 3695 "https://azinac.de/" "Mozilla/5.0 (Windows NT 10.0; Win64; x64) AppleWebKit/537.36 (KHTML, like Gecko) Chrome/69.0.3497.100 Safari/537.36"
80.155.138.194 - - [26/Sep/2018:07:34:28 +0200] "GET /src/lib/prism.js HTTP/1.0" 200 410 "https://azinac.de/" "Mozilla/5.0 (Windows NT 10.0; Win64; x64) AppleWebKit/537.36 (KHTML, like Gecko) Chrome/69.0.3497.100 Safari/537.36"
80.155.138.194 - - [26/Sep/2018:07:34:33 +0200] "GET /scripts/app-bundle.js HTTP/1.0" 200 415 "https://azinac.de/" "Mozilla/5.0 (Windows NT 10.0; Win64; x64) AppleWebKit/537.36 (KHTML, like Gecko) Chrome/69.0.3497.100 Safari/537.36"
80.155.138.194 - - [26/Sep/2018:07:34:46 +0200] "GET /src/lib/prism.css HTTP/1.0" 200 397 "https://azinac.de/" "Mozilla/5.0 (Windows NT 10.0; Win64; x64) AppleWebKit/537.36 (KHTML, like Gecko) Chrome/69.0.3497.100 Safari/537.36"
80.155.138.194 - - [26/Sep/2018:07:34:46 +0200] "GET /scripts/vendor-bundle.js HTTP/1.0" 200 418 "https://azinac.de/" "Mozilla/5.0 (Windows NT 10.0; Win64; x64) AppleWebKit/537.36 (KHTML, like Gecko) Chrome/69.0.3497.100 Safari/537.36"
80.155.138.194 - - [26/Sep/2018:07:34:47 +0200] "GET /src/lib/prism.js HTTP/1.0" 200 410 "https://azinac.de/" "Mozilla/5.0 (Windows NT 10.0; Win64; x64) AppleWebKit/537.36 (KHTML, like Gecko) Chrome/69.0.3497.100 Safari/537.36"
80.155.138.194 - - [26/Sep/2018:07:35:20 +0200] "GET /scripts/app-bundle.js HTTP/1.0" 200 415 "https://azinac.de/" "Mozilla/5.0 (Windows NT 10.0; Win64; x64) AppleWebKit/537.36 (KHTML, like Gecko) Chrome/69.0.3497.100 Safari/537.36"
66.249.93.81 - - [26/Sep/2018:07:56:39 +0200] "GET /index.html HTTP/1.0" 200 4152 "-" "Mozilla/5.0 (X11; Linux x86_64) AppleWebKit/537.36 (KHTML, like Gecko) Chrome/49.0.2623.75 Safari/537.36 Google Favicon"
66.249.93.83 - - [26/Sep/2018:07:56:39 +0200] "GET /favicon.ico HTTP/1.0" 200 407 "-" "Mozilla/5.0 (X11; Linux x86_64) AppleWebKit/537.36 (KHTML, like Gecko) Chrome/49.0.2623.75 Safari/537.36 Google Favicon"
80.155.138.194 - - [26/Sep/2018:09:52:01 +0200] "GET /index.html HTTP/1.0" 200 875 "-" "Mozilla/5.0 (Windows NT 10.0; Win64; x64; rv:61.0) Gecko/20100101 Firefox/61.0"
80.155.138.194 - - [26/Sep/2018:09:52:01 +0200] "GET /src/lib/prism.css HTTP/1.0" 200 397 "https://azinac.de/" "Mozilla/5.0 (Windows NT 10.0; Win64; x64; rv:61.0) Gecko/20100101 Firefox/61.0"
80.155.138.194 - - [26/Sep/2018:09:52:01 +0200] "GET /src/lib/prism.js HTTP/1.0" 200 410 "https://azinac.de/" "Mozilla/5.0 (Windows NT 10.0; Win64; x64; rv:61.0) Gecko/20100101 Firefox/61.0"
80.155.138.194 - - [26/Sep/2018:09:52:01 +0200] "GET /scripts/vendor-bundle.js HTTP/1.0" 200 418 "https://azinac.de/" "Mozilla/5.0 (Windows NT 10.0; Win64; x64; rv:61.0) Gecko/20100101 Firefox/61.0"
80.155.138.194 - - [26/Sep/2018:09:52:01 +0200] "GET /favicon.ico HTTP/1.0" 200 407 "-" "Mozilla/5.0 (Windows NT 10.0; Win64; x64; rv:61.0) Gecko/20100101 Firefox/61.0"
80.155.138.194 - - [26/Sep/2018:09:52:02 +0200] "GET /scripts/app-bundle.js HTTP/1.0" 200 415 "https://azinac.de/" "Mozilla/5.0 (Windows NT 10.0; Win64; x64; rv:61.0) Gecko/20100101 Firefox/61.0"
138.121.128.42 - - [26/Sep/2018:12:00:52 +0200] "GET /console HTTP/1.0" 404 4524 "-" "Mozilla/5.0 (Windows NT 10.0; Win64; x64; rv:57.0) Gecko/20100101 Firefox/57.0"
80.155.138.194 - - [26/Sep/2018:12:50:44 +0200] "GET /src/lib/prism.js HTTP/1.0" 200 3687 "https://azinac.de/" "Mozilla/5.0 (Windows NT 10.0; Win64; x64; rv:61.0) Gecko/20100101 Firefox/61.0"
80.155.138.194 - - [26/Sep/2018:12:50:44 +0200] "GET /src/lib/prism.css HTTP/1.0" 200 3674 "https://azinac.de/" "Mozilla/5.0 (Windows NT 10.0; Win64; x64; rv:61.0) Gecko/20100101 Firefox/61.0"
80.155.138.194 - - [26/Sep/2018:12:50:44 +0200] "GET /scripts/vendor-bundle.js HTTP/1.0" 200 418 "https://azinac.de/" "Mozilla/5.0 (Windows NT 10.0; Win64; x64; rv:61.0) Gecko/20100101 Firefox/61.0"
80.155.138.194 - - [26/Sep/2018:12:50:45 +0200] "GET /favicon.ico HTTP/1.0" 200 407 "-" "Mozilla/5.0 (Windows NT 10.0; Win64; x64; rv:61.0) Gecko/20100101 Firefox/61.0"
80.155.138.194 - - [26/Sep/2018:12:50:45 +0200] "GET /favicon.ico HTTP/1.0" 200 407 "-" "Mozilla/5.0 (Windows NT 10.0; Win64; x64; rv:61.0) Gecko/20100101 Firefox/61.0"
80.155.138.194 - - [26/Sep/2018:12:50:45 +0200] "GET /scripts/app-bundle.js HTTP/1.0" 200 415 "https://azinac.de/" "Mozilla/5.0 (Windows NT 10.0; Win64; x64; rv:61.0) Gecko/20100101 Firefox/61.0"
80.155.138.194 - - [26/Sep/2018:13:02:46 +0200] "GET /src/lib/prism.css HTTP/1.0" 200 3674 "https://azinac.de/" "Mozilla/5.0 (Windows NT 10.0; Win64; x64) AppleWebKit/537.36 (KHTML, like Gecko) Chrome/69.0.3497.100 Safari/537.36"
80.155.138.194 - - [26/Sep/2018:13:02:46 +0200] "GET /src/lib/prism.js HTTP/1.0" 200 3687 "https://azinac.de/" "Mozilla/5.0 (Windows NT 10.0; Win64; x64) AppleWebKit/537.36 (KHTML, like Gecko) Chrome/69.0.3497.100 Safari/537.36"
80.155.138.194 - - [26/Sep/2018:13:02:46 +0200] "GET /scripts/vendor-bundle.js HTTP/1.0" 200 418 "https://azinac.de/" "Mozilla/5.0 (Windows NT 10.0; Win64; x64) AppleWebKit/537.36 (KHTML, like Gecko) Chrome/69.0.3497.100 Safari/537.36"
80.155.138.194 - - [26/Sep/2018:13:02:51 +0200] "GET /scripts/app-bundle.js HTTP/1.0" 200 415 "https://azinac.de/" "Mozilla/5.0 (Windows NT 10.0; Win64; x64) AppleWebKit/537.36 (KHTML, like Gecko) Chrome/69.0.3497.100 Safari/537.36"
80.155.138.194 - - [26/Sep/2018:13:10:27 +0200] "GET /src/lib/prism.css HTTP/1.0" 200 3674 "https://azinac.de/" "Mozilla/5.0 (Windows NT 10.0; Win64; x64; rv:61.0) Gecko/20100101 Firefox/61.0"
80.155.138.194 - - [26/Sep/2018:13:10:27 +0200] "GET /src/lib/prism.js HTTP/1.0" 200 410 "https://azinac.de/" "Mozilla/5.0 (Windows NT 10.0; Win64; x64; rv:61.0) Gecko/20100101 Firefox/61.0"
80.155.138.194 - - [26/Sep/2018:13:10:27 +0200] "GET /favicon.ico HTTP/1.0" 200 407 "-" "Mozilla/5.0 (Windows NT 10.0; Win64; x64; rv:61.0) Gecko/20100101 Firefox/61.0"
80.155.138.194 - - [26/Sep/2018:13:10:42 +0200] "GET /src/media/HTML%20-%20Sheet.pdf HTTP/1.0" 200 413 "https://azinac.de/" "Mozilla/5.0 (Windows NT 10.0; Win64; x64; rv:61.0) Gecko/20100101 Firefox/61.0"
80.155.138.194 - - [26/Sep/2018:13:10:51 +0200] "GET /src/lib/prism.js HTTP/1.0" 200 410 "https://azinac.de/" "Mozilla/5.0 (Windows NT 10.0; Win64; x64; rv:61.0) Gecko/20100101 Firefox/61.0"
80.155.138.194 - - [26/Sep/2018:13:24:58 +0200] "GET /src/lib/prism.css HTTP/1.0" 200 3674 "https://azinac.de/" "Mozilla/5.0 (Windows NT 10.0; Win64; x64) AppleWebKit/537.36 (KHTML, like Gecko) Chrome/69.0.3497.100 Safari/537.36"
80.155.138.194 - - [26/Sep/2018:13:24:58 +0200] "GET /scripts/vendor-bundle.js HTTP/1.0" 200 418 "https://azinac.de/" "Mozilla/5.0 (Windows NT 10.0; Win64; x64) AppleWebKit/537.36 (KHTML, like Gecko) Chrome/69.0.3497.100 Safari/537.36"
80.155.138.194 - - [26/Sep/2018:13:24:58 +0200] "GET /src/lib/prism.js HTTP/1.0" 200 410 "https://azinac.de/" "Mozilla/5.0 (Windows NT 10.0; Win64; x64) AppleWebKit/537.36 (KHTML, like Gecko) Chrome/69.0.3497.100 Safari/537.36"
80.155.138.194 - - [26/Sep/2018:13:24:59 +0200] "GET /scripts/app-bundle.js HTTP/1.0" 200 415 "https://azinac.de/" "Mozilla/5.0 (Windows NT 10.0; Win64; x64) AppleWebKit/537.36 (KHTML, like Gecko) Chrome/69.0.3497.100 Safari/537.36"
80.155.138.194 - - [26/Sep/2018:13:24:59 +0200] "GET /bootstrap.css.map HTTP/1.0" 404 1247 "-" "Mozilla/5.0 (Windows NT 10.0; Win64; x64) AppleWebKit/537.36 (KHTML, like Gecko) Chrome/69.0.3497.100 Safari/537.36"
80.187.96.152 - - [26/Sep/2018:13:33:21 +0200] "GET /index.html HTTP/1.0" 200 4152 "-" "Mozilla/5.0 (iPad; CPU OS 12_0 like Mac OS X) AppleWebKit/605.1.15 (KHTML, like Gecko) Version/12.0 Mobile/15E148 Safari/604.1"
80.187.96.152 - - [26/Sep/2018:13:33:23 +0200] "GET /apple-touch-icon-152x152-precomposed.png HTTP/1.0" 404 1247 "-" "MobileSafari/604.1 CFNetwork/974.2.1 Darwin/18.0.0"
80.187.96.152 - - [26/Sep/2018:13:33:23 +0200] "GET /apple-touch-icon-152x152.png HTTP/1.0" 404 1247 "-" "MobileSafari/604.1 CFNetwork/974.2.1 Darwin/18.0.0"
80.187.96.152 - - [26/Sep/2018:13:33:24 +0200] "GET /apple-touch-icon-precomposed.png HTTP/1.0" 404 1247 "-" "MobileSafari/604.1 CFNetwork/974.2.1 Darwin/18.0.0"
80.187.96.152 - - [26/Sep/2018:13:33:24 +0200] "GET /apple-touch-icon.png HTTP/1.0" 404 1247 "-" "MobileSafari/604.1 CFNetwork/974.2.1 Darwin/18.0.0"
80.187.96.152 - - [26/Sep/2018:13:33:24 +0200] "GET /favicon.ico HTTP/1.0" 200 407 "-" "MobileSafari/604.1 CFNetwork/974.2.1 Darwin/18.0.0"
80.187.96.152 - - [26/Sep/2018:13:33:24 +0200] "GET /apple-touch-icon-152x152-precomposed.png HTTP/1.0" 404 1247 "-" "MobileSafari/604.1 CFNetwork/974.2.1 Darwin/18.0.0"
80.187.96.152 - - [26/Sep/2018:13:33:24 +0200] "GET /apple-touch-icon-152x152.png HTTP/1.0" 404 1247 "-" "MobileSafari/604.1 CFNetwork/974.2.1 Darwin/18.0.0"
80.187.96.152 - - [26/Sep/2018:13:33:25 +0200] "GET /apple-touch-icon-precomposed.png HTTP/1.0" 404 1247 "-" "MobileSafari/604.1 CFNetwork/974.2.1 Darwin/18.0.0"
80.187.96.152 - - [26/Sep/2018:13:33:26 +0200] "GET /apple-touch-icon.png HTTP/1.0" 404 1247 "-" "MobileSafari/604.1 CFNetwork/974.2.1 Darwin/18.0.0"
80.187.96.152 - - [26/Sep/2018:13:33:27 +0200] "GET /favicon.ico HTTP/1.0" 200 407 "-" "MobileSafari/604.1 CFNetwork/974.2.1 Darwin/18.0.0"
192.144.138.20 - - [26/Sep/2018:14:50:47 +0200] "GET /console HTTP/1.0" 404 4524 "-" "Mozilla/5.0 (Windows NT 10.0; Win64; x64; rv:57.0) Gecko/20100101 Firefox/57.0"
192.144.138.20 - - [26/Sep/2018:14:50:54 +0200] "GET /STRUTS_STRU HTTP/1.0" 404 1247 "-" "Mozilla/5.0 (Windows NT 10.0; Win64; x64; rv:57.0) Gecko/20100101 Firefox/57.0"
66.249.93.83 - - [26/Sep/2018:14:56:32 +0200] "GET /favicon.ico HTTP/1.0" 200 3684 "-" "Mozilla/5.0 (X11; Linux x86_64) AppleWebKit/537.36 (KHTML, like Gecko) Chrome/49.0.2623.75 Safari/537.36 Google Favicon"
157.55.39.6 - - [26/Sep/2018:14:58:56 +0200] "GET /robots.txt HTTP/1.0" 404 1247 "-" "Mozilla/5.0 (compatible; bingbot/2.0; +http://www.bing.com/bingbot.htm)"
157.55.39.6 - - [26/Sep/2018:14:58:57 +0200] "GET /robots.txt HTTP/1.0" 404 1247 "-" "Mozilla/5.0 (compatible; bingbot/2.0; +http://www.bing.com/bingbot.htm)"
157.55.39.64 - - [26/Sep/2018:15:51:57 +0200] "GET /index.html HTTP/1.0" 200 4152 "-" "Mozilla/5.0 (compatible; bingbot/2.0; +http://www.bing.com/bingbot.htm)"
66.249.93.83 - - [26/Sep/2018:19:05:08 +0200] "GET /favicon.ico HTTP/1.0" 200 3684 "-" "Mozilla/5.0 (X11; Linux x86_64) AppleWebKit/537.36 (KHTML, like Gecko) Chrome/49.0.2623.75 Safari/537.36 Google Favicon"
52.18.26.11 - - [26/Sep/2018:23:52:11 +0200] "GET /index.html HTTP/1.0" 200 4152 "-" "Mozilla/5.0 (X11; Ubuntu; Linux x86_64) AppleWebKit/537.36 (KHTML, like Gecko) Chrome/60.0.3112.101 Safari/537.36"
66.249.64.146 - - [26/Sep/2018:05:16:06 +0200] "GET / HTTP/1.1" 301 178 "-" "Mozilla/5.0 (Linux; Android 6.0.1; Nexus 5X Build/MMB29P) AppleWebKit/537.36 (KHTML, like Gecko) Chrome/41.0.2272.96 Mobile Safari/537.36 (compatible; Googlebot/2.1; +http://www.google.com/bot.html)"
66.249.64.144 - - [26/Sep/2018:06:51:44 +0200] "GET / HTTP/1.1" 301 178 "-" "Mozilla/5.0 (Linux; Android 6.0.1; Nexus 5X Build/MMB29P) AppleWebKit/537.36 (KHTML, like Gecko) Chrome/41.0.2272.96 Mobile Safari/537.36 (compatible; Googlebot/2.1; +http://www.google.com/bot.html)"
80.155.138.194 - - [26/Sep/2018:07:34:28 +0200] "GET /src/lib/prism.css HTTP/1.1" 304 0 "https://azinac.de/" "Mozilla/5.0 (Windows NT 10.0; Win64; x64) AppleWebKit/537.36 (KHTML, like Gecko) Chrome/69.0.3497.100 Safari/537.36"
80.155.138.194 - - [26/Sep/2018:07:34:28 +0200] "GET /scripts/vendor-bundle.js HTTP/1.1" 304 0 "https://azinac.de/" "Mozilla/5.0 (Windows NT 10.0; Win64; x64) AppleWebKit/537.36 (KHTML, like Gecko) Chrome/69.0.3497.100 Safari/537.36"
80.155.138.194 - - [26/Sep/2018:07:34:28 +0200] "GET /src/lib/prism.js HTTP/1.1" 304 0 "https://azinac.de/" "Mozilla/5.0 (Windows NT 10.0; Win64; x64) AppleWebKit/537.36 (KHTML, like Gecko) Chrome/69.0.3497.100 Safari/537.36"
80.155.138.194 - - [26/Sep/2018:07:34:33 +0200] "GET /scripts/app-bundle.js HTTP/1.1" 304 0 "https://azinac.de/" "Mozilla/5.0 (Windows NT 10.0; Win64; x64) AppleWebKit/537.36 (KHTML, like Gecko) Chrome/69.0.3497.100 Safari/537.36"
80.155.138.194 - - [26/Sep/2018:07:34:46 +0200] "GET /src/lib/prism.css HTTP/1.1" 304 0 "https://azinac.de/" "Mozilla/5.0 (Windows NT 10.0; Win64; x64) AppleWebKit/537.36 (KHTML, like Gecko) Chrome/69.0.3497.100 Safari/537.36"
80.155.138.194 - - [26/Sep/2018:07:34:46 +0200] "GET /scripts/vendor-bundle.js HTTP/1.1" 304 0 "https://azinac.de/" "Mozilla/5.0 (Windows NT 10.0; Win64; x64) AppleWebKit/537.36 (KHTML, like Gecko) Chrome/69.0.3497.100 Safari/537.36"
80.155.138.194 - - [26/Sep/2018:07:34:47 +0200] "GET /src/lib/prism.js HTTP/1.1" 304 0 "https://azinac.de/" "Mozilla/5.0 (Windows NT 10.0; Win64; x64) AppleWebKit/537.36 (KHTML, like Gecko) Chrome/69.0.3497.100 Safari/537.36"
80.155.138.194 - - [26/Sep/2018:07:35:20 +0200] "GET /scripts/app-bundle.js HTTP/1.1" 304 0 "https://azinac.de/" "Mozilla/5.0 (Windows NT 10.0; Win64; x64) AppleWebKit/537.36 (KHTML, like Gecko) Chrome/69.0.3497.100 Safari/537.36"
66.249.93.83 - - [26/Sep/2018:07:56:39 +0200] "GET /favicon.ico HTTP/1.1" 200 4127 "-" "Mozilla/5.0 (X11; Linux x86_64) AppleWebKit/537.36 (KHTML, like Gecko) Chrome/49.0.2623.75 Safari/537.36 Google Favicon"
80.155.138.194 - - [26/Sep/2018:09:52:01 +0200] "GET /src/lib/prism.css HTTP/1.1" 200 5559 "https://azinac.de/" "Mozilla/5.0 (Windows NT 10.0; Win64; x64; rv:61.0) Gecko/20100101 Firefox/61.0"
80.155.138.194 - - [26/Sep/2018:09:52:01 +0200] "GET /src/lib/prism.js HTTP/1.1" 200 36009 "https://azinac.de/" "Mozilla/5.0 (Windows NT 10.0; Win64; x64; rv:61.0) Gecko/20100101 Firefox/61.0"
80.155.138.194 - - [26/Sep/2018:09:52:01 +0200] "GET /scripts/vendor-bundle.js HTTP/1.1" 200 676222 "https://azinac.de/" "Mozilla/5.0 (Windows NT 10.0; Win64; x64; rv:61.0) Gecko/20100101 Firefox/61.0"
80.155.138.194 - - [26/Sep/2018:09:52:01 +0200] "GET /favicon.ico HTTP/1.1" 200 4127 "-" "Mozilla/5.0 (Windows NT 10.0; Win64; x64; rv:61.0) Gecko/20100101 Firefox/61.0"
80.155.138.194 - - [26/Sep/2018:09:52:02 +0200] "GET /scripts/app-bundle.js HTTP/1.1" 200 596878 "https://azinac.de/" "Mozilla/5.0 (Windows NT 10.0; Win64; x64; rv:61.0) Gecko/20100101 Firefox/61.0"
138.121.128.42 - - [26/Sep/2018:12:00:59 +0200] "GET /phpmyadmin/scripts/setup.php HTTP/1.1" 404 27 "-" "Mozilla/5.0 (Windows NT 10.0; Win64; x64; rv:57.0) Gecko/20100101 Firefox/57.0"
80.155.138.194 - - [26/Sep/2018:12:50:44 +0200] "GET /src/lib/prism.css HTTP/1.1" 200 5559 "https://azinac.de/" "Mozilla/5.0 (Windows NT 10.0; Win64; x64; rv:61.0) Gecko/20100101 Firefox/61.0"
80.155.138.194 - - [26/Sep/2018:12:50:44 +0200] "GET /scripts/vendor-bundle.js HTTP/1.1" 304 0 "https://azinac.de/" "Mozilla/5.0 (Windows NT 10.0; Win64; x64; rv:61.0) Gecko/20100101 Firefox/61.0"
80.155.138.194 - - [26/Sep/2018:12:50:44 +0200] "GET /src/lib/prism.js HTTP/1.1" 200 36009 "https://azinac.de/" "Mozilla/5.0 (Windows NT 10.0; Win64; x64; rv:61.0) Gecko/20100101 Firefox/61.0"
80.155.138.194 - - [26/Sep/2018:12:50:45 +0200] "GET /favicon.ico HTTP/1.1" 200 4127 "-" "Mozilla/5.0 (Windows NT 10.0; Win64; x64; rv:61.0) Gecko/20100101 Firefox/61.0"
80.155.138.194 - - [26/Sep/2018:12:50:45 +0200] "GET /favicon.ico HTTP/1.1" 200 4127 "-" "Mozilla/5.0 (Windows NT 10.0; Win64; x64; rv:61.0) Gecko/20100101 Firefox/61.0"
80.155.138.194 - - [26/Sep/2018:12:50:45 +0200] "GET /scripts/app-bundle.js HTTP/1.1" 304 0 "https://azinac.de/" "Mozilla/5.0 (Windows NT 10.0; Win64; x64; rv:61.0) Gecko/20100101 Firefox/61.0"
80.155.138.194 - - [26/Sep/2018:13:02:46 +0200] "GET /src/lib/prism.css HTTP/1.1" 304 0 "https://azinac.de/" "Mozilla/5.0 (Windows NT 10.0; Win64; x64) AppleWebKit/537.36 (KHTML, like Gecko) Chrome/69.0.3497.100 Safari/537.36"
80.155.138.194 - - [26/Sep/2018:13:02:46 +0200] "GET /src/lib/prism.js HTTP/1.1" 304 0 "https://azinac.de/" "Mozilla/5.0 (Windows NT 10.0; Win64; x64) AppleWebKit/537.36 (KHTML, like Gecko) Chrome/69.0.3497.100 Safari/537.36"
80.155.138.194 - - [26/Sep/2018:13:02:46 +0200] "GET /scripts/vendor-bundle.js HTTP/1.1" 304 0 "https://azinac.de/" "Mozilla/5.0 (Windows NT 10.0; Win64; x64) AppleWebKit/537.36 (KHTML, like Gecko) Chrome/69.0.3497.100 Safari/537.36"
80.155.138.194 - - [26/Sep/2018:13:02:51 +0200] "GET /scripts/app-bundle.js HTTP/1.1" 304 0 "https://azinac.de/" "Mozilla/5.0 (Windows NT 10.0; Win64; x64) AppleWebKit/537.36 (KHTML, like Gecko) Chrome/69.0.3497.100 Safari/537.36"
80.155.138.194 - - [26/Sep/2018:13:10:27 +0200] "GET /src/lib/prism.css HTTP/1.1" 304 0 "https://azinac.de/" "Mozilla/5.0 (Windows NT 10.0; Win64; x64; rv:61.0) Gecko/20100101 Firefox/61.0"
80.155.138.194 - - [26/Sep/2018:13:10:27 +0200] "GET /src/lib/prism.js HTTP/1.1" 304 0 "https://azinac.de/" "Mozilla/5.0 (Windows NT 10.0; Win64; x64; rv:61.0) Gecko/20100101 Firefox/61.0"
80.155.138.194 - - [26/Sep/2018:13:10:27 +0200] "GET /favicon.ico HTTP/1.1" 200 4127 "-" "Mozilla/5.0 (Windows NT 10.0; Win64; x64; rv:61.0) Gecko/20100101 Firefox/61.0"
80.155.138.194 - - [26/Sep/2018:13:10:42 +0200] "GET /src/media/HTML%20-%20Sheet.pdf HTTP/1.1" 200 47496 "https://azinac.de/" "Mozilla/5.0 (Windows NT 10.0; Win64; x64; rv:61.0) Gecko/20100101 Firefox/61.0"
80.155.138.194 - - [26/Sep/2018:13:10:51 +0200] "GET /src/lib/prism.js HTTP/1.1" 200 36009 "https://azinac.de/" "Mozilla/5.0 (Windows NT 10.0; Win64; x64; rv:61.0) Gecko/20100101 Firefox/61.0"
80.155.138.194 - - [26/Sep/2018:13:24:58 +0200] "GET /src/lib/prism.css HTTP/1.1" 304 0 "https://azinac.de/" "Mozilla/5.0 (Windows NT 10.0; Win64; x64) AppleWebKit/537.36 (KHTML, like Gecko) Chrome/69.0.3497.100 Safari/537.36"
80.155.138.194 - - [26/Sep/2018:13:24:58 +0200] "GET /scripts/vendor-bundle.js HTTP/1.1" 304 0 "https://azinac.de/" "Mozilla/5.0 (Windows NT 10.0; Win64; x64) AppleWebKit/537.36 (KHTML, like Gecko) Chrome/69.0.3497.100 Safari/537.36"
80.155.138.194 - - [26/Sep/2018:13:24:58 +0200] "GET /src/lib/prism.js HTTP/1.1" 304 0 "https://azinac.de/" "Mozilla/5.0 (Windows NT 10.0; Win64; x64) AppleWebKit/537.36 (KHTML, like Gecko) Chrome/69.0.3497.100 Safari/537.36"
80.155.138.194 - - [26/Sep/2018:13:24:59 +0200] "GET /scripts/app-bundle.js HTTP/1.1" 304 0 "https://azinac.de/" "Mozilla/5.0 (Windows NT 10.0; Win64; x64) AppleWebKit/537.36 (KHTML, like Gecko) Chrome/69.0.3497.100 Safari/537.36"
80.187.96.152 - - [26/Sep/2018:13:33:24 +0200] "GET /favicon.ico HTTP/2.0" 200 4127 "-" "MobileSafari/604.1 CFNetwork/974.2.1 Darwin/18.0.0"
80.187.96.152 - - [26/Sep/2018:13:33:27 +0200] "GET /favicon.ico HTTP/2.0" 200 4127 "-" "MobileSafari/604.1 CFNetwork/974.2.1 Darwin/18.0.0"
192.144.138.20 - - [26/Sep/2018:14:50:52 +0200] "GET /phpmyadmin/scripts/setup.php HTTP/1.1" 404 27 "-" "Mozilla/5.0 (Windows NT 10.0; Win64; x64; rv:57.0) Gecko/20100101 Firefox/57.0"
66.249.93.83 - - [26/Sep/2018:14:56:32 +0200] "GET /favicon.ico HTTP/1.1" 200 4127 "-" "Mozilla/5.0 (X11; Linux x86_64) AppleWebKit/537.36 (KHTML, like Gecko) Chrome/49.0.2623.75 Safari/537.36 Google Favicon"
66.249.93.83 - - [26/Sep/2018:19:05:08 +0200] "GET /favicon.ico HTTP/1.1" 200 4127 "-" "Mozilla/5.0 (X11; Linux x86_64) AppleWebKit/537.36 (KHTML, like Gecko) Chrome/49.0.2623.75 Safari/537.36 Google Favicon"
159.226.20.33 - - [26/Sep/2018:21:09:29 +0200] "GET /phpMyAdmin/scripts/setup.php HTTP/1.1" 404 27 "-" "Mozilla/5.0 (Windows NT 10.0; Win64; x64; rv:57.0) Gecko/20100101 Firefox/57.0"
159.226.20.33 - - [26/Sep/2018:21:09:31 +0200] "GET /scripts/setup.php HTTP/1.1" 404 27 "-" "Mozilla/5.0 (Windows NT 10.0; Win64; x64; rv:57.0) Gecko/20100101 Firefox/57.0"
159.226.20.33 - - [26/Sep/2018:21:09:34 +0200] "GET /pma/scripts/setup.php HTTP/1.1" 404 27 "-" "Mozilla/5.0 (Windows NT 10.0; Win64; x64; rv:57.0) Gecko/20100101 Firefox/57.0"
159.226.20.33 - - [26/Sep/2018:21:09:36 +0200] "GET /xmlrpc.php HTTP/1.1" 404 27 "-" "Mozilla/5.0 (Windows NT 10.0; Win64; x64; rv:57.0) Gecko/20100101 Firefox/57.0"
87.250.233.66 - - [27/Sep/2018:01:14:43 +0200] "GET /robots.txt HTTP/1.0" 404 4524 "-" "Mozilla/5.0 (compatible; YandexBot/3.0; +http://yandex.com/bots)"
87.250.233.75 - - [27/Sep/2018:01:14:47 +0200] "GET /index.html HTTP/1.0" 200 875 "-" "Mozilla/5.0 (compatible; YandexBot/3.0; +http://yandex.com/bots)"
79.250.154.132 - - [27/Sep/2018:04:43:21 +0200] "GET /index.html HTTP/1.0" 200 4152 "-" "Mozilla/5.0 (iPad; CPU OS 12_0 like Mac OS X) AppleWebKit/605.1.15 (KHTML, like Gecko) Version/12.0 Mobile/15E148 Safari/604.1"
79.250.154.132 - - [27/Sep/2018:04:43:22 +0200] "GET /apple-touch-icon-152x152-precomposed.png HTTP/1.0" 404 1247 "-" "MobileSafari/604.1 CFNetwork/974.2.1 Darwin/18.0.0"
79.250.154.132 - - [27/Sep/2018:04:43:22 +0200] "GET /apple-touch-icon-152x152.png HTTP/1.0" 404 1247 "-" "MobileSafari/604.1 CFNetwork/974.2.1 Darwin/18.0.0"
79.250.154.132 - - [27/Sep/2018:04:43:22 +0200] "GET /apple-touch-icon-precomposed.png HTTP/1.0" 404 1247 "-" "MobileSafari/604.1 CFNetwork/974.2.1 Darwin/18.0.0"
79.250.154.132 - - [27/Sep/2018:04:43:22 +0200] "GET /apple-touch-icon.png HTTP/1.0" 404 1247 "-" "MobileSafari/604.1 CFNetwork/974.2.1 Darwin/18.0.0"
79.250.154.132 - - [27/Sep/2018:04:43:22 +0200] "GET /favicon.ico HTTP/1.0" 200 407 "-" "MobileSafari/604.1 CFNetwork/974.2.1 Darwin/18.0.0"
79.250.154.132 - - [27/Sep/2018:04:43:23 +0200] "GET /apple-touch-icon-152x152-precomposed.png HTTP/1.0" 404 1247 "-" "MobileSafari/604.1 CFNetwork/974.2.1 Darwin/18.0.0"
79.250.154.132 - - [27/Sep/2018:04:43:23 +0200] "GET /apple-touch-icon-152x152.png HTTP/1.0" 404 1247 "-" "MobileSafari/604.1 CFNetwork/974.2.1 Darwin/18.0.0"
79.250.154.132 - - [27/Sep/2018:04:43:23 +0200] "GET /apple-touch-icon-precomposed.png HTTP/1.0" 404 1247 "-" "MobileSafari/604.1 CFNetwork/974.2.1 Darwin/18.0.0"
79.250.154.132 - - [27/Sep/2018:04:43:23 +0200] "GET /apple-touch-icon.png HTTP/1.0" 404 1247 "-" "MobileSafari/604.1 CFNetwork/974.2.1 Darwin/18.0.0"
79.250.154.132 - - [27/Sep/2018:04:43:23 +0200] "GET /favicon.ico HTTP/1.0" 200 407 "-" "MobileSafari/604.1 CFNetwork/974.2.1 Darwin/18.0.0"
128.1.43.183 - - [27/Sep/2018:06:11:22 +0200] "GET /index.html HTTP/1.0" 200 875 "-" "python-requests/2.19.1"
128.1.43.183 - - [27/Sep/2018:06:11:25 +0200] "GET /index.html HTTP/1.0" 200 875 "-" "python-requests/2.19.1"
128.1.43.183 - - [27/Sep/2018:06:11:26 +0200] "GET /index.html HTTP/1.0" 200 875 "-" "python-requests/2.19.1"
128.1.43.183 - - [27/Sep/2018:06:11:29 +0200] "GET /index.html HTTP/1.0" 200 875 "-" "python-requests/2.19.1"
128.1.43.183 - - [27/Sep/2018:06:11:32 +0200] "GET /index.html HTTP/1.0" 200 875 "-" "python-requests/2.19.1"
80.187.96.112 - - [27/Sep/2018:07:12:30 +0200] "GET /index.html HTTP/1.0" 200 875 "-" "Mozilla/5.0 (iPhone; CPU iPhone OS 12_0 like Mac OS X) AppleWebKit/605.1.15 (KHTML, like Gecko) Version/12.0 Mobile/15E148 Safari/604.1"
80.187.96.112 - - [27/Sep/2018:07:12:30 +0200] "GET /apple-touch-icon-120x120-precomposed.png HTTP/1.0" 404 1247 "-" "MobileSafari/604.1 CFNetwork/974.2.1 Darwin/18.0.0"
80.187.96.112 - - [27/Sep/2018:07:12:30 +0200] "GET /apple-touch-icon-120x120.png HTTP/1.0" 404 1247 "-" "MobileSafari/604.1 CFNetwork/974.2.1 Darwin/18.0.0"
80.187.96.112 - - [27/Sep/2018:07:12:30 +0200] "GET /apple-touch-icon-precomposed.png HTTP/1.0" 404 1247 "-" "MobileSafari/604.1 CFNetwork/974.2.1 Darwin/18.0.0"
80.187.96.112 - - [27/Sep/2018:07:12:30 +0200] "GET /apple-touch-icon.png HTTP/1.0" 404 1247 "-" "MobileSafari/604.1 CFNetwork/974.2.1 Darwin/18.0.0"
80.187.96.112 - - [27/Sep/2018:07:12:31 +0200] "GET /favicon.ico HTTP/1.0" 200 407 "-" "MobileSafari/604.1 CFNetwork/974.2.1 Darwin/18.0.0"
80.187.96.112 - - [27/Sep/2018:07:12:31 +0200] "GET /apple-touch-icon-120x120-precomposed.png HTTP/1.0" 404 1247 "-" "MobileSafari/604.1 CFNetwork/974.2.1 Darwin/18.0.0"
80.187.96.112 - - [27/Sep/2018:07:12:31 +0200] "GET /apple-touch-icon-120x120.png HTTP/1.0" 404 1247 "-" "MobileSafari/604.1 CFNetwork/974.2.1 Darwin/18.0.0"
80.187.96.112 - - [27/Sep/2018:07:12:31 +0200] "GET /apple-touch-icon-precomposed.png HTTP/1.0" 404 1247 "-" "MobileSafari/604.1 CFNetwork/974.2.1 Darwin/18.0.0"
80.187.96.112 - - [27/Sep/2018:07:12:31 +0200] "GET /apple-touch-icon.png HTTP/1.0" 404 1247 "-" "MobileSafari/604.1 CFNetwork/974.2.1 Darwin/18.0.0"
80.187.96.112 - - [27/Sep/2018:07:12:31 +0200] "GET /favicon.ico HTTP/1.0" 200 407 "-" "MobileSafari/604.1 CFNetwork/974.2.1 Darwin/18.0.0"
144.76.186.38 - - [27/Sep/2018:07:54:23 +0200] "GET /robots.txt HTTP/1.0" 404 4524 "-" "Mozilla/5.0 (compatible; MJ12bot/v1.4.8; http://mj12bot.com/)"
144.76.186.38 - - [27/Sep/2018:07:54:26 +0200] "GET /index.html HTTP/1.0" 200 1047 "-" "Mozilla/5.0 (compatible; MJ12bot/v1.4.8; http://mj12bot.com/)"
144.76.186.38 - - [27/Sep/2018:07:54:28 +0200] "GET /index.html HTTP/1.0" 200 875 "-" "Mozilla/5.0 (compatible; MJ12bot/v1.4.8; http://mj12bot.com/)"
87.250.233.75 - - [27/Sep/2018:08:33:08 +0200] "GET /robots.txt HTTP/1.0" 404 4524 "-" "Mozilla/5.0 (compatible; YandexBot/3.0; +http://yandex.com/bots)"
87.250.233.75 - - [27/Sep/2018:08:33:12 +0200] "GET /favicon.ico HTTP/1.0" 200 407 "-" "Mozilla/5.0 (compatible; YandexBot/3.0; +http://yandex.com/bots)"
66.249.93.83 - - [27/Sep/2018:15:14:15 +0200] "GET /index.html HTTP/1.0" 200 4152 "-" "Mozilla/5.0 (X11; Linux x86_64) AppleWebKit/537.36 (KHTML, like Gecko) Chrome/49.0.2623.75 Safari/537.36 Google Favicon"
66.249.93.83 - - [27/Sep/2018:15:14:15 +0200] "GET /favicon.ico HTTP/1.0" 200 407 "-" "Mozilla/5.0 (X11; Linux x86_64) AppleWebKit/537.36 (KHTML, like Gecko) Chrome/49.0.2623.75 Safari/537.36 Google Favicon"
13.57.233.99 - - [27/Sep/2018:17:39:03 +0200] "GET /index.html HTTP/1.0" 200 4152 "https://www.azinac.de/" "Mozilla/5.0 (Macintosh; Intel Mac OS X 10_12_6) AppleWebKit/537.36 (KHTML, like Gecko) Chrome/61.0.3163.100 Safari/537.36"
78.35.103.161 - - [27/Sep/2018:17:58:31 +0200] "GET /index.html HTTP/1.0" 200 4152 "-" "Mozilla/5.0 (iPhone; CPU iPhone OS 12_0 like Mac OS X) AppleWebKit/605.1.15 (KHTML, like Gecko) Version/12.0 Mobile/15E148 Safari/604.1"
78.35.103.161 - - [27/Sep/2018:17:58:31 +0200] "GET /apple-touch-icon-120x120-precomposed.png HTTP/1.0" 404 1247 "-" "MobileSafari/604.1 CFNetwork/974.2.1 Darwin/18.0.0"
78.35.103.161 - - [27/Sep/2018:17:58:31 +0200] "GET /apple-touch-icon-120x120.png HTTP/1.0" 404 1247 "-" "MobileSafari/604.1 CFNetwork/974.2.1 Darwin/18.0.0"
78.35.103.161 - - [27/Sep/2018:17:58:31 +0200] "GET /apple-touch-icon-precomposed.png HTTP/1.0" 404 1247 "-" "MobileSafari/604.1 CFNetwork/974.2.1 Darwin/18.0.0"
78.35.103.161 - - [27/Sep/2018:17:58:31 +0200] "GET /apple-touch-icon.png HTTP/1.0" 404 1247 "-" "MobileSafari/604.1 CFNetwork/974.2.1 Darwin/18.0.0"
78.35.103.161 - - [27/Sep/2018:17:58:31 +0200] "GET /favicon.ico HTTP/1.0" 200 407 "-" "MobileSafari/604.1 CFNetwork/974.2.1 Darwin/18.0.0"
78.35.103.161 - - [27/Sep/2018:17:58:32 +0200] "GET /apple-touch-icon-120x120-precomposed.png HTTP/1.0" 404 1247 "-" "MobileSafari/604.1 CFNetwork/974.2.1 Darwin/18.0.0"
78.35.103.161 - - [27/Sep/2018:17:58:32 +0200] "GET /apple-touch-icon-120x120.png HTTP/1.0" 404 1247 "-" "MobileSafari/604.1 CFNetwork/974.2.1 Darwin/18.0.0"
78.35.103.161 - - [27/Sep/2018:17:58:32 +0200] "GET /apple-touch-icon-precomposed.png HTTP/1.0" 404 1247 "-" "MobileSafari/604.1 CFNetwork/974.2.1 Darwin/18.0.0"
78.35.103.161 - - [27/Sep/2018:17:58:32 +0200] "GET /apple-touch-icon.png HTTP/1.0" 404 1247 "-" "MobileSafari/604.1 CFNetwork/974.2.1 Darwin/18.0.0"
78.35.103.161 - - [27/Sep/2018:17:58:32 +0200] "GET /favicon.ico HTTP/1.0" 200 407 "-" "MobileSafari/604.1 CFNetwork/974.2.1 Darwin/18.0.0"
80.155.138.194 - - [27/Sep/2018:19:47:59 +0200] "GET /src/lib/prism.css HTTP/1.0" 200 3674 "https://azinac.de/" "Mozilla/5.0 (Windows NT 10.0; Win64; x64) AppleWebKit/537.36 (KHTML, like Gecko) Chrome/69.0.3497.100 Safari/537.36"
80.155.138.194 - - [27/Sep/2018:19:47:59 +0200] "GET /scripts/vendor-bundle.js HTTP/1.0" 200 3695 "https://azinac.de/" "Mozilla/5.0 (Windows NT 10.0; Win64; x64) AppleWebKit/537.36 (KHTML, like Gecko) Chrome/69.0.3497.100 Safari/537.36"
80.155.138.194 - - [27/Sep/2018:19:47:59 +0200] "GET /src/lib/prism.js HTTP/1.0" 200 410 "https://azinac.de/" "Mozilla/5.0 (Windows NT 10.0; Win64; x64) AppleWebKit/537.36 (KHTML, like Gecko) Chrome/69.0.3497.100 Safari/537.36"
80.155.138.194 - - [27/Sep/2018:19:48:00 +0200] "GET /scripts/app-bundle.js HTTP/1.0" 200 415 "https://azinac.de/" "Mozilla/5.0 (Windows NT 10.0; Win64; x64) AppleWebKit/537.36 (KHTML, like Gecko) Chrome/69.0.3497.100 Safari/537.36"
80.155.138.194 - - [27/Sep/2018:19:48:41 +0200] "GET /src/media/cat-636172_640.jpg HTTP/1.0" 200 410 "https://azinac.de/" "Mozilla/5.0 (Windows NT 10.0; Win64; x64) AppleWebKit/537.36 (KHTML, like Gecko) Chrome/69.0.3497.100 Safari/537.36"
78.35.103.161 - - [27/Sep/2018:20:08:28 +0200] "GET /index.html HTTP/1.0" 200 4152 "-" "Mozilla/5.0 (iPad; CPU OS 12_0 like Mac OS X) AppleWebKit/605.1.15 (KHTML, like Gecko) Version/12.0 Mobile/15E148 Safari/604.1"
78.35.103.161 - - [27/Sep/2018:20:08:29 +0200] "GET /apple-touch-icon-152x152-precomposed.png HTTP/1.0" 404 1247 "-" "MobileSafari/604.1 CFNetwork/974.2.1 Darwin/18.0.0"
78.35.103.161 - - [27/Sep/2018:20:08:29 +0200] "GET /apple-touch-icon-152x152.png HTTP/1.0" 404 1247 "-" "MobileSafari/604.1 CFNetwork/974.2.1 Darwin/18.0.0"
78.35.103.161 - - [27/Sep/2018:20:08:29 +0200] "GET /apple-touch-icon-precomposed.png HTTP/1.0" 404 1247 "-" "MobileSafari/604.1 CFNetwork/974.2.1 Darwin/18.0.0"
78.35.103.161 - - [27/Sep/2018:20:08:29 +0200] "GET /apple-touch-icon.png HTTP/1.0" 404 1247 "-" "MobileSafari/604.1 CFNetwork/974.2.1 Darwin/18.0.0"
78.35.103.161 - - [27/Sep/2018:20:08:29 +0200] "GET /favicon.ico HTTP/1.0" 200 407 "-" "MobileSafari/604.1 CFNetwork/974.2.1 Darwin/18.0.0"
78.35.103.161 - - [27/Sep/2018:20:08:30 +0200] "GET /apple-touch-icon-152x152-precomposed.png HTTP/1.0" 404 1247 "-" "MobileSafari/604.1 CFNetwork/974.2.1 Darwin/18.0.0"
78.35.103.161 - - [27/Sep/2018:20:08:30 +0200] "GET /apple-touch-icon-152x152.png HTTP/1.0" 404 1247 "-" "MobileSafari/604.1 CFNetwork/974.2.1 Darwin/18.0.0"
78.35.103.161 - - [27/Sep/2018:20:08:30 +0200] "GET /apple-touch-icon-precomposed.png HTTP/1.0" 404 1247 "-" "MobileSafari/604.1 CFNetwork/974.2.1 Darwin/18.0.0"
78.35.103.161 - - [27/Sep/2018:20:08:30 +0200] "GET /apple-touch-icon.png HTTP/1.0" 404 1247 "-" "MobileSafari/604.1 CFNetwork/974.2.1 Darwin/18.0.0"
78.35.103.161 - - [27/Sep/2018:20:08:30 +0200] "GET /favicon.ico HTTP/1.0" 200 407 "-" "MobileSafari/604.1 CFNetwork/974.2.1 Darwin/18.0.0"
138.246.253.5 - - [27/Sep/2018:21:11:30 +0200] "HEAD /index.html HTTP/1.0" 200 449 "-" "Mozilla/5.0 (Windows NT 6.1; Win64; x64) AppleWebKit/537.36 (KHTML, like Gecko) Chrome/40.0.2214.85 Safari/537.36"
66.249.76.83 - - [27/Sep/2018:23:20:02 +0200] "GET /robots.txt HTTP/1.0" 404 4524 "-" "Mozilla/5.0 (compatible; Googlebot/2.1; +http://www.google.com/bot.html)"
66.249.76.81 - - [27/Sep/2018:23:20:02 +0200] "GET /index.html HTTP/1.0" 200 875 "-" "Mozilla/5.0 (Linux; Android 6.0.1; Nexus 5X Build/MMB29P) AppleWebKit/537.36 (KHTML, like Gecko) Chrome/41.0.2272.96 Mobile Safari/537.36 (compatible; Googlebot/2.1; +http://www.google.com/bot.html)"
66.249.76.79 - - [27/Sep/2018:23:20:04 +0200] "GET /scripts/app-bundle.js HTTP/1.0" 200 415 "https://azinac.de/" "Mozilla/5.0 (Linux; Android 6.0.1; Nexus 5X Build/MMB29P) AppleWebKit/537.36 (KHTML, like Gecko) Chrome/41.0.2272.96 Mobile Safari/537.36 (compatible; Googlebot/2.1; +http://www.google.com/bot.html)"
209.17.97.26 - - [28/Sep/2018:00:47:19 +0200] "GET /index.html HTTP/1.0" 200 4324 "-" "Mozilla/5.0 (compatible; Nimbostratus-Bot/v1.3.2; http://cloudsystemnetworks.com)"
79.250.154.132 - - [27/Sep/2018:04:43:22 +0200] "GET /favicon.ico HTTP/2.0" 200 4127 "-" "MobileSafari/604.1 CFNetwork/974.2.1 Darwin/18.0.0"
79.250.154.132 - - [27/Sep/2018:04:43:23 +0200] "GET /favicon.ico HTTP/2.0" 200 4127 "-" "MobileSafari/604.1 CFNetwork/974.2.1 Darwin/18.0.0"
128.1.43.183 - - [27/Sep/2018:06:11:34 +0200] "POST //wp-content/plugins/formcraft/file-upload/server/php/ HTTP/1.1" 404 162 "-" "python-requests/2.19.1"
128.1.43.183 - - [27/Sep/2018:06:11:36 +0200] "GET //wp-content/plugins/formcraft/file-upload/server/php/files/ptseo.php?X=ptseo... HTTP/1.1" 404 27 "-" "python-requests/2.19.1"
80.187.96.112 - - [27/Sep/2018:07:12:31 +0200] "GET /favicon.ico HTTP/2.0" 200 4127 "-" "MobileSafari/604.1 CFNetwork/974.2.1 Darwin/18.0.0"
80.187.96.112 - - [27/Sep/2018:07:12:31 +0200] "GET /favicon.ico HTTP/2.0" 200 4127 "-" "MobileSafari/604.1 CFNetwork/974.2.1 Darwin/18.0.0"
87.250.233.75 - - [27/Sep/2018:08:33:12 +0200] "GET /favicon.ico HTTP/1.1" 200 4127 "-" "Mozilla/5.0 (compatible; YandexBot/3.0; +http://yandex.com/bots)"
109.200.157.198 - - [27/Sep/2018:10:03:15 +0200] "GET /scripts/setup.php HTTP/1.1" 404 27 "-" "Mozilla/5.0 (Windows NT 10.0; Win64; x64; rv:57.0) Gecko/20100101 Firefox/57.0"
109.200.157.198 - - [27/Sep/2018:10:03:25 +0200] "GET /pma/scripts/setup.php HTTP/1.1" 404 27 "-" "Mozilla/5.0 (Windows NT 10.0; Win64; x64; rv:57.0) Gecko/20100101 Firefox/57.0"
109.200.157.198 - - [27/Sep/2018:10:03:27 +0200] "GET /xmlrpc.php HTTP/1.1" 404 27 "-" "Mozilla/5.0 (Windows NT 10.0; Win64; x64; rv:57.0) Gecko/20100101 Firefox/57.0"
47.97.121.43 - - [27/Sep/2018:15:02:58 +0200] "GET /phpMyAdmin/scripts/setup.php HTTP/1.1" 404 27 "-" "Mozilla/5.0 (Windows NT 10.0; Win64; x64; rv:57.0) Gecko/20100101 Firefox/57.0"
47.97.121.43 - - [27/Sep/2018:15:03:00 +0200] "GET /scripts/setup.php HTTP/1.1" 404 27 "-" "Mozilla/5.0 (Windows NT 10.0; Win64; x64; rv:57.0) Gecko/20100101 Firefox/57.0"
47.97.121.43 - - [27/Sep/2018:15:03:04 +0200] "GET /pma/scripts/setup.php HTTP/1.1" 404 27 "-" "Mozilla/5.0 (Windows NT 10.0; Win64; x64; rv:57.0) Gecko/20100101 Firefox/57.0"
47.97.121.43 - - [27/Sep/2018:15:03:06 +0200] "GET /xmlrpc.php HTTP/1.1" 404 27 "-" "Mozilla/5.0 (Windows NT 10.0; Win64; x64; rv:57.0) Gecko/20100101 Firefox/57.0"
66.249.93.83 - - [27/Sep/2018:15:14:15 +0200] "GET /favicon.ico HTTP/1.1" 200 4127 "-" "Mozilla/5.0 (X11; Linux x86_64) AppleWebKit/537.36 (KHTML, like Gecko) Chrome/49.0.2623.75 Safari/537.36 Google Favicon"
13.57.233.99 - - [27/Sep/2018:17:39:02 +0200] "GET / HTTP/1.1" 301 178 "-" "Mozilla/5.0 (Macintosh; Intel Mac OS X 10_12_6) AppleWebKit/537.36 (KHTML, like Gecko) Chrome/61.0.3163.100 Safari/537.36"
78.35.103.161 - - [27/Sep/2018:17:58:31 +0200] "GET /favicon.ico HTTP/2.0" 200 4127 "-" "MobileSafari/604.1 CFNetwork/974.2.1 Darwin/18.0.0"
78.35.103.161 - - [27/Sep/2018:17:58:32 +0200] "GET /favicon.ico HTTP/2.0" 200 4127 "-" "MobileSafari/604.1 CFNetwork/974.2.1 Darwin/18.0.0"
80.155.138.194 - - [27/Sep/2018:19:47:59 +0200] "GET /src/lib/prism.css HTTP/1.1" 304 0 "https://azinac.de/" "Mozilla/5.0 (Windows NT 10.0; Win64; x64) AppleWebKit/537.36 (KHTML, like Gecko) Chrome/69.0.3497.100 Safari/537.36"
80.155.138.194 - - [27/Sep/2018:19:47:59 +0200] "GET /scripts/vendor-bundle.js HTTP/1.1" 304 0 "https://azinac.de/" "Mozilla/5.0 (Windows NT 10.0; Win64; x64) AppleWebKit/537.36 (KHTML, like Gecko) Chrome/69.0.3497.100 Safari/537.36"
80.155.138.194 - - [27/Sep/2018:19:47:59 +0200] "GET /src/lib/prism.js HTTP/1.1" 304 0 "https://azinac.de/" "Mozilla/5.0 (Windows NT 10.0; Win64; x64) AppleWebKit/537.36 (KHTML, like Gecko) Chrome/69.0.3497.100 Safari/537.36"
80.155.138.194 - - [27/Sep/2018:19:48:00 +0200] "GET /scripts/app-bundle.js HTTP/1.1" 304 0 "https://azinac.de/" "Mozilla/5.0 (Windows NT 10.0; Win64; x64) AppleWebKit/537.36 (KHTML, like Gecko) Chrome/69.0.3497.100 Safari/537.36"
80.155.138.194 - - [27/Sep/2018:19:48:41 +0200] "GET /src/media/cat-636172_640.jpg HTTP/1.1" 200 87272 "https://azinac.de/" "Mozilla/5.0 (Windows NT 10.0; Win64; x64) AppleWebKit/537.36 (KHTML, like Gecko) Chrome/69.0.3497.100 Safari/537.36"
138.246.253.5 - - [27/Sep/2018:20:06:47 +0200] "HEAD / HTTP/1.1" 301 0 "-" "Mozilla/5.0 (Windows NT 6.1; Win64; x64) AppleWebKit/537.36 (KHTML, like Gecko) Chrome/40.0.2214.85 Safari/537.36"
78.35.103.161 - - [27/Sep/2018:20:08:29 +0200] "GET /favicon.ico HTTP/2.0" 200 4127 "-" "MobileSafari/604.1 CFNetwork/974.2.1 Darwin/18.0.0"
78.35.103.161 - - [27/Sep/2018:20:08:30 +0200] "GET /favicon.ico HTTP/2.0" 200 4127 "-" "MobileSafari/604.1 CFNetwork/974.2.1 Darwin/18.0.0"
66.249.76.79 - - [27/Sep/2018:23:20:04 +0200] "GET /scripts/app-bundle.js HTTP/1.1" 200 596878 "https://azinac.de/" "Mozilla/5.0 (Linux; Android 6.0.1; Nexus 5X Build/MMB29P) AppleWebKit/537.36 (KHTML, like Gecko) Chrome/41.0.2272.96 Mobile Safari/537.36 (compatible; Googlebot/2.1; +http://www.google.com/bot.html)"
66.249.76.81 - - [28/Sep/2018:01:10:10 +0200] "GET /index.html HTTP/1.0" 200 4152 "-" "Mozilla/5.0 (compatible; Googlebot/2.1; +http://www.google.com/bot.html)"
207.46.13.196 - - [28/Sep/2018:07:06:34 +0200] "GET /robots.txt HTTP/1.0" 404 4524 "-" "Mozilla/5.0 (compatible; bingbot/2.0; +http://www.bing.com/bingbot.htm)"
66.249.93.79 - - [28/Sep/2018:07:21:51 +0200] "GET /index.html HTTP/1.0" 200 4152 "-" "Mozilla/5.0 (X11; Linux x86_64) AppleWebKit/537.36 (KHTML, like Gecko) Chrome/49.0.2623.75 Safari/537.36 Google Favicon"
66.249.93.79 - - [28/Sep/2018:07:21:51 +0200] "GET /favicon.ico HTTP/1.0" 200 407 "-" "Mozilla/5.0 (X11; Linux x86_64) AppleWebKit/537.36 (KHTML, like Gecko) Chrome/49.0.2623.75 Safari/537.36 Google Favicon"
52.53.201.78 - - [28/Sep/2018:07:54:31 +0200] "GET /index.html HTTP/1.0" 200 4152 "http://www.azinac.de/" "Mozilla/5.0 (Macintosh; Intel Mac OS X 10_12_6) AppleWebKit/537.36 (KHTML, like Gecko) Chrome/61.0.3163.100 Safari/537.36"
78.35.103.161 - - [28/Sep/2018:09:06:50 +0200] "GET /index.html HTTP/1.0" 200 4152 "-" "Mozilla/5.0 (iPhone; CPU iPhone OS 12_0 like Mac OS X) AppleWebKit/605.1.15 (KHTML, like Gecko) Version/12.0 Mobile/15E148 Safari/604.1"
78.35.103.161 - - [28/Sep/2018:09:06:50 +0200] "GET /apple-touch-icon-120x120-precomposed.png HTTP/1.0" 404 1247 "-" "MobileSafari/604.1 CFNetwork/974.2.1 Darwin/18.0.0"
78.35.103.161 - - [28/Sep/2018:09:06:50 +0200] "GET /apple-touch-icon-120x120.png HTTP/1.0" 404 1247 "-" "MobileSafari/604.1 CFNetwork/974.2.1 Darwin/18.0.0"
78.35.103.161 - - [28/Sep/2018:09:06:50 +0200] "GET /apple-touch-icon-precomposed.png HTTP/1.0" 404 1247 "-" "MobileSafari/604.1 CFNetwork/974.2.1 Darwin/18.0.0"
78.35.103.161 - - [28/Sep/2018:09:06:50 +0200] "GET /apple-touch-icon.png HTTP/1.0" 404 1247 "-" "MobileSafari/604.1 CFNetwork/974.2.1 Darwin/18.0.0"
78.35.103.161 - - [28/Sep/2018:09:06:50 +0200] "GET /favicon.ico HTTP/1.0" 200 407 "-" "MobileSafari/604.1 CFNetwork/974.2.1 Darwin/18.0.0"
78.35.103.161 - - [28/Sep/2018:09:06:50 +0200] "GET /apple-touch-icon-120x120-precomposed.png HTTP/1.0" 404 1247 "-" "MobileSafari/604.1 CFNetwork/974.2.1 Darwin/18.0.0"
78.35.103.161 - - [28/Sep/2018:09:06:50 +0200] "GET /apple-touch-icon-120x120.png HTTP/1.0" 404 1247 "-" "MobileSafari/604.1 CFNetwork/974.2.1 Darwin/18.0.0"
78.35.103.161 - - [28/Sep/2018:09:06:50 +0200] "GET /apple-touch-icon-precomposed.png HTTP/1.0" 404 1247 "-" "MobileSafari/604.1 CFNetwork/974.2.1 Darwin/18.0.0"
78.35.103.161 - - [28/Sep/2018:09:06:50 +0200] "GET /apple-touch-icon.png HTTP/1.0" 404 1247 "-" "MobileSafari/604.1 CFNetwork/974.2.1 Darwin/18.0.0"
78.35.103.161 - - [28/Sep/2018:09:06:50 +0200] "GET /favicon.ico HTTP/1.0" 200 407 "-" "MobileSafari/604.1 CFNetwork/974.2.1 Darwin/18.0.0"
80.155.138.194 - - [28/Sep/2018:10:10:26 +0200] "GET /src/lib/prism.js HTTP/1.0" 200 3687 "https://azinac.de/" "Mozilla/5.0 (Windows NT 10.0; Win64; x64) AppleWebKit/537.36 (KHTML, like Gecko) Chrome/69.0.3497.100 Safari/537.36"
